Resolving dependencies...
Downloading packages...
  _flutterfire_internals 1.3.59 (1.3.67 available)
  archive 4.0.7 (4.0.9 available)
  background_downloader 9.5.2 (9.5.4 available)
  cloud_firestore 5.6.12 (6.1.3 available)
  cloud_firestore_platform_interface 6.6.12 (7.0.7 available)
  cloud_firestore_web 4.4.12 (5.1.3 available)
  dio 5.9.1 (5.9.2 available)
  dio_web_adapter 2.1.1 (2.1.2 available)
  extension 0.6.0 (1.0.0 available)
  extension_google_sign_in_as_googleapis_auth 2.0.13 (3.0.0 available)
  firebase_analytics 11.6.0 (12.1.3 available)
  firebase_analytics_platform_interface 4.4.3 (5.0.7 available)
  firebase_analytics_web 0.5.10+16 (0.6.1+3 available)
  firebase_auth 5.7.0 (6.2.0 available)
  firebase_auth_platform_interface 7.7.3 (8.1.7 available)
  firebase_auth_web 5.15.3 (6.1.3 available)
  firebase_core 3.15.2 (4.5.0 available)
  firebase_core_web 2.24.1 (3.5.0 available)
  firebase_crashlytics 4.3.10 (5.0.8 available)
  firebase_crashlytics_platform_interface 3.8.10 (3.8.18 available)
  firebase_messaging 15.2.10 (16.1.2 available)
  firebase_messaging_platform_interface 4.6.10 (4.7.7 available)
  firebase_messaging_web 3.10.10 (4.1.3 available)
  firebase_storage 12.4.10 (13.1.0 available)
  firebase_storage_platform_interface 5.2.10 (5.2.18 available)
  firebase_storage_web 3.10.17 (3.11.3 available)
  fl_chart 0.69.2 (1.1.1 available)
  flutter_gemma 0.11.16 (0.12.4 available)
  flutter_launcher_icons 0.13.1 (0.14.4 available)
  flutter_lints 5.0.0 (6.0.0 available)
  flutter_secure_storage 9.2.4 (10.0.0 available)
  flutter_secure_storage_linux 1.2.3 (3.0.0 available)
  flutter_secure_storage_macos 3.1.3 (4.0.0 available)
  flutter_secure_storage_platform_interface 1.1.2 (2.0.1 available)
  flutter_secure_storage_web 1.2.1 (2.1.0 available)
  flutter_secure_storage_windows 3.1.2 (4.1.0 available)
  flutter_slidable 3.1.2 (4.0.3 available)
  geocoding_android 4.0.1 (5.0.0 available)
  geocoding_platform_interface 3.2.0 (5.0.0 available)
  go_router 14.8.1 (17.1.0 available)
  google_fonts 6.3.3 (8.0.2 available)
  google_sign_in 6.3.0 (7.2.0 available)
  google_sign_in_android 6.2.1 (7.2.9 available)
  google_sign_in_ios 5.9.0 (6.3.0 available)
  google_sign_in_platform_interface 2.5.0 (3.1.0 available)
  google_sign_in_web 0.12.4+4 (1.1.2 available)
  googleapis 15.0.0 (16.0.0 available)
  googleapis_auth 1.6.0 (2.1.0 available)
  image 4.5.4 (4.8.0 available)
  image_picker_android 0.8.13+13 (0.8.13+14 available)
  intl 0.19.0 (0.20.2 available)
  js 0.6.7 (0.7.2 available)
  json_annotation 4.10.0 (4.11.0 available)
  lints 5.1.1 (6.1.0 available)
  local_auth 2.3.0 (3.0.1 available)
  local_auth_android 1.0.56 (2.0.5 available)
  local_auth_darwin 1.6.1 (2.0.3 available)
  local_auth_windows 1.0.11 (2.0.1 available)
  matcher 0.12.18 (0.12.19 available)
  meta 1.17.0 (1.18.1 available)
  ndef_record 1.4.1 (1.4.2 available)
  permission_handler 11.4.0 (12.0.1 available)
  permission_handler_android 12.1.0 (13.0.1 available)
  posix 6.0.3 (6.5.0 available)
  share_plus 10.1.4 (12.0.1 available)
  share_plus_platform_interface 5.0.2 (6.1.0 available)
  shared_preferences_android 2.4.20 (2.4.21 available)
  syncfusion_flutter_charts 26.2.14 (32.2.8 available)
  syncfusion_flutter_core 26.2.14 (32.2.8 available)
  syncfusion_flutter_pdf 26.2.14 (32.2.8 available)
  test_api 0.7.9 (0.7.10 available)
  timezone 0.10.1 (0.11.0 available)
  uuid 4.5.2 (4.5.3 available)
  vector_graphics_compiler 1.1.20 (1.2.0 available)
  win32 5.15.0 (6.0.0 available)
Got dependencies!
75 packages have newer versions incompatible with dependency constraints.
Try `flutter pub outdated` for more information.
00:00 +0: loading /Users/2285682/Documents/Nexus/test/debts_screen_test.dart
00:00 +0: Debts crash test
00:00 +1: All tests passed!
